// Jest Snapshot v1, https://goo.gl/fbAQLP

exports[`<Button> should render without problems 1`] = `ShallowWrapper {}`;
