// Jest Snapshot v1, https://goo.gl/fbAQLP

exports[`<Toolbar> should render without problems 1`] = `ShallowWrapper {}`;
