// Jest Snapshot v1, https://goo.gl/fbAQLP

exports[`<Input> should render without problems 1`] = `ShallowWrapper {}`;
